This server 172.27.0.35,Server Uptime and time details.
This Server hostname:
erpprodapp1.mpezerp.com
This Server all System Detail is As Follows:
Filesystem                    1K-blocks      Used Available Use% Mounted on
/dev/mapper/sprdapp-sprdapp   545214656 284417108 260797548  53% /sprdapp
/dev/mapper/sprodlog-sprodlog 262118016 216740056  45377960  83% /sprodlog
Filesystem            1K-blocks     Used Available Use% Mounted on
/dev/mapper/rhel-root 125767680 10834928 114932752   9% /
/dev/sda2               2077952   353616   1724336  18% /boot
/dev/mapper/rhel-home 104806400  8558620  96247780   9% /home
/dev/mapper/rhel-var   52403200 12382188  40021012  24% /var
Filesystem                       1K-blocks    Used Available Use% Mounted on
172.27.0.150:/home/mpeb/EFT_DATA 104806400 7490560  97315840   8% /EFT_DATA
This Server Uptime details.
 10:16:34 up 185 days, 21:24,  0 users,  load average: 9.28, 9.21, 9.21
This server 172.27.0.36,Server Uptime and time details.
This Server hostname:
erpprodapp2.mpezerp.com
This Server all System Detail is As Follows:
Filesystem            1K-blocks    Used Available Use% Mounted on
/dev/mapper/rhel-root 125767680 8853688 116913992   8% /
/dev/mapper/rhel-home 104806400 3336524 101469876   4% /home
/dev/sda2               2077952  353648   1724304  18% /boot
/dev/mapper/rhel-var   52403200 2056428  50346772   4% /var
Filesystem                    1K-blocks      Used Available Use% Mounted on
/dev/mapper/sprdapp-sprdapp   545214656 284417008 260797648  53% /sprdapp
/dev/mapper/sprodlog-sprodlog 262118016 216739968  45378048  83% /sprodlog
This Server Uptime details.
 10:15:48 up 185 days, 21:22,  1 user,  load average: 0.25, 0.19, 0.18
This server 172.27.0.37,Server Uptime and time details.
This Server hostname:
erpproddb1.mpezerp.com
This Server all System Detail is As Follows:
Filesystem                            1K-blocks      Used Available Use% Mounted on
/dev/mapper/rhel-root                 125767680  19091492 106676188  16% /
/dev/mapper/sproddb1_vg-sproddb1_lv   208564736 121519776  87044960  59% /sproddb1
/dev/mapper/sprodgrid_vg-sprodgrid_lv 208564736  58219076 150345660  28% /sprodgrid1
/dev/mapper/rhel-home                  83845120  33727788  50117332  41% /home
/dev/sda2                               2077952    353732   1724220  18% /boot
/dev/mapper/rhel-var                   83845120   8285120  75560000  10% /var
Filesystem                               1K-blocks       Used  Available Use% Mounted on
/dev/mapper/tapebkp_prod-tapebkp_Lvprod 4283733440 1411383060 2872350380  33% /tapebkp_new
This Server Uptime details.
 10:15:30 up 446 days, 21:02,  1 user,  load average: 0.82, 0.84, 0.85
The Current Server System Memory/RAM Utilization.
              total        used        free      shared  buff/cache   available
Mem:            250          55          18          73         176         120
Swap:           127          19         108
This is production server tapebackup size
1.2T	BKP_13032024_PROD
156K	L0_Backup_13_03_2024.log
This server 172.27.0.38,Server Uptime and time details.
This Server hostname:
erpproddb2.mpezerp.com
This Server all System Detail is As Follows:
Filesystem                              1K-blocks     Used Available Use% Mounted on
/dev/mapper/rhel-root                   125767680 14788224 110979456  12% /
/dev/mapper/sprodgrid2_vg-sprodgrid2_lv 208564736 61004944 147559792  30% /sprodgrid1
/dev/mapper/rhel-home                    83845120 34597440  49247680  42% /home
/dev/sda2                                 2077952   353732   1724220  18% /boot
/dev/mapper/rhel-var                     83845120  5240644  78604476   7% /var
/dev/mapper/sproddb2_vg-sproddb2_lv     208564736 75212332 133352404  37% /sproddb1
Filesystem                               1K-blocks       Used  Available Use% Mounted on
/dev/mapper/tapebkp_prod-tapebkp_Lvprod 4283733440 1411383060 2872350380  33% /tapebkp_new
This Server Uptime details.
 10:15:23 up 525 days,  7:37,  1 user,  load average: 1.47, 0.65, 0.49
This server 172.27.0.170,Server Uptime and time details.
This Server hostname:
iservices.mpezerp.com
This Server all System Detail is As Follows:
Filesystem                                  Type      Size  Used Avail Use% Mounted on
devtmpfs                                    devtmpfs  126G     0  126G   0% /dev
tmpfs                                       tmpfs     126G     0  126G   0% /dev/shm
tmpfs                                       tmpfs     126G  387M  126G   1% /run
tmpfs                                       tmpfs     126G     0  126G   0% /sys/fs/cgroup
/dev/mapper/rhel-root                       xfs       120G  6.4G  114G   6% /
/dev/mapper/vg_isuppapp-lv_isuppapp         xfs       497G  299G  199G  61% /sprdapp
/dev/sda2                                   xfs       2.0G  346M  1.7G  18% /boot
/dev/sda1                                   vfat     1022M  5.8M 1017M   1% /boot/efi
/dev/mapper/servicebook_new-servicebook_new ext4      2.0T  1.9T   50G  98% /servicebook_nuc
/dev/mapper/rhel-home                       xfs        80G   18G   63G  22% /home
/dev/mapper/rhel-var                        xfs        50G  2.0G   49G   4% /var
/dev/mapper/rhel-sisuppapp1                 xfs       120G  120G  160K 100% /sisuppapp1
tmpfs                                       tmpfs      26G   16K   26G   1% /run/user/42
tmpfs                                       tmpfs      26G   44K   26G   1% /run/user/0
/dev/mapper/linux_backup_VG-linux_backup_lv xfs       4.2T  2.6T  1.7T  61% /linux_backup_veeam_repo
tmpfs                                       tmpfs      26G     0   26G   0% /run/user/1004
tmpfs                                       tmpfs      26G     0   26G   0% /run/user/1000
This Server Uptime details.
 10:12:58 up 322 days, 23:23,  0 users,  load average: 0.00, 0.00, 0.00
The Current Server System Memory/RAM Utilization.
              total        used        free      shared  buff/cache   available
Mem:            251          11           2           0         237         237
Swap:           126           0         126
This server 172.27.0.45,Server Uptime and time details.
This Server hostname:
erpuatapp1.mpezerp.com
This Server all System Detail is As Follows:
Filesystem                          1K-blocks      Used Available Use% Mounted on
/dev/mapper/uatsprodlog-uatsprodlog 157273664  95607216  61666448  61% /uatsprodlog
/dev/mapper/uatsprdapp-uatsprdapp   314541200 243897308  70643892  78% /uatsprdapp
Filesystem            1K-blocks     Used Available Use% Mounted on
/dev/mapper/rhel-root 125767680 16533348 109234332  14% /
/dev/mapper/rhel-home 104806400  1291184 103515216   2% /home
/dev/sda2               2086912   435172   1651740  21% /boot
/dev/mapper/rhel-var   52403200  1967804  50435396   4% /var
This Server Uptime details.
 10:21:46 up 293 days, 18:58,  0 users,  load average: 0.21, 0.25, 0.15
This server 172.27.0.47,Server Uptime and time details.
This Server hostname:
erpuatdb1.mpezerp.com
This Server Uptime details.
 10:15:17 up 350 days, 22:32,  0 users,  load average: 2.67, 2.50, 2.49
This Server all System Detail is As Follows:
Filesystem                          Type      Size  Used Avail Use% Mounted on
devtmpfs                            devtmpfs   24G     0   24G   0% /dev
tmpfs                               tmpfs      24G  698M   23G   3% /dev/shm
tmpfs                               tmpfs      24G  2.4G   22G  10% /run
tmpfs                               tmpfs      24G     0   24G   0% /sys/fs/cgroup
/dev/mapper/rhel-root               xfs       120G   15G  106G  12% /
/dev/sda1                           xfs       2.0G  452M  1.6G  23% /boot
/dev/mapper/rhel-var                xfs        50G  2.0G   49G   4% /var
/dev/mapper/rhel-home               xfs       100G   14G   87G  14% /home
/dev/mapper/sproddbvg-sproddblv     ext4      118G   76G   37G  68% /sproddb
/dev/mapper/sprodgridvg-sprodgridlv ext4      167G   44G  115G  28% /sprodgrid
tmpfs                               tmpfs     4.7G   16K  4.7G   1% /run/user/42
tmpfs                               tmpfs     4.7G   36K  4.7G   1% /run/user/5007
tmpfs                               tmpfs     4.7G   52K  4.7G   1% /run/user/0
tmpfs                               tmpfs     4.7G     0  4.7G   0% /run/user/5008
tmpfs                               tmpfs     4.7G     0  4.7G   0% /run/user/5009
The Current Server System Memory/RAM Utilization.
              total        used        free      shared  buff/cache   available
Mem:             46          18           1          22          27           5
Swap:           127           9         118
This server 172.27.0.48,Server Uptime and time details.
This Server hostname:
erpuatdb2.mpezerp.com
This Server all System Detail is As Follows:
Filesystem                          Type      Size  Used Avail Use% Mounted on
devtmpfs                            devtmpfs   16G     0   16G   0% /dev
tmpfs                               tmpfs      16G  637M   15G   4% /dev/shm
tmpfs                               tmpfs      16G  1.6G   15G  10% /run
tmpfs                               tmpfs      16G     0   16G   0% /sys/fs/cgroup
/dev/mapper/rhel-root               xfs       120G  7.7G  113G   7% /
/dev/mapper/rhel-var                xfs        50G  3.5G   47G   7% /var
/dev/sda1                           xfs       2.0G  357M  1.7G  18% /boot
/dev/mapper/rhel-home               xfs       100G   34G   67G  34% /home
/dev/mapper/sproddbvg-sproddblv     ext4      118G   35G   78G  31% /sproddb
/dev/mapper/sprodgridvg-sprodgridlv ext4      167G   33G  126G  21% /sprodgrid
tmpfs                               tmpfs     3.2G   16K  3.2G   1% /run/user/42
tmpfs                               tmpfs     3.2G     0  3.2G   0% /run/user/5008
tmpfs                               tmpfs     3.2G     0  3.2G   0% /run/user/5009
This Server Uptime details.
 10:16:38 up 293 days, 19:08,  0 users,  load average: 0.23, 0.27, 0.18
The Current Server System Memory/RAM Utilization.
              total        used        free      shared  buff/cache   available
Mem:             31          11           0           2          19          16
Swap:           127           0         127
This server 172.27.0.136,Server Uptime and time details.
This server 172.27.0.5,Server Uptime and time details.
This Server hostname:
ebssitapp1.mpezerp.com
This Server all System Detail is As Follows:
Filesystem                      Type      Size  Used Avail Use% Mounted on
devtmpfs                        devtmpfs   16G     0   16G   0% /dev
tmpfs                           tmpfs      16G   57M   16G   1% /dev/shm
tmpfs                           tmpfs      16G  122M   16G   1% /run
tmpfs                           tmpfs      16G     0   16G   0% /sys/fs/cgroup
/dev/mapper/rhel-root           xfs       100G   23G   78G  23% /
/dev/mapper/rhel-var            xfs        55G  1.3G   54G   3% /var
/dev/mapper/rhel-home           xfs        80G   24G   57G  30% /home
/dev/sda2                       xfs      1014M  345M  670M  34% /boot
172.27.0.150:/home/mpeb/EFT_SIT nfs4      100G  7.2G   93G   8% /EFT_DATA_SIT
/dev/mapper/sprodlog-sprodlog   gfs2      150G  121G   30G  81% /sprodlog
/dev/mapper/sprdapp-sprdapp     gfs2      299G  249G   51G  84% /sprdapp
tmpfs                           tmpfs     3.2G   36K  3.2G   1% /run/user/0
tmpfs                           tmpfs     3.2G  4.0K  3.2G   1% /run/user/1001
tmpfs                           tmpfs     3.2G     0  3.2G   0% /run/user/1002
This Server Uptime details.
 10:19:50 up 62 days, 15:31,  2 users,  load average: 0.01, 0.06, 0.08
The Current Server System Memory/RAM Utilization.
              total        used        free      shared  buff/cache   available
Mem:             31          16           8           0           6          14
Swap:            31           0          31
This server 172.27.0.6,Server Uptime and time details.
This Server hostname:
ebssitapp2.mpezerp.com
This Server all System Detail is As Follows:
Filesystem                    Type      Size  Used Avail Use% Mounted on
devtmpfs                      devtmpfs   16G     0   16G   0% /dev
tmpfs                         tmpfs      16G   73M   16G   1% /dev/shm
tmpfs                         tmpfs      16G  1.3G   15G   9% /run
tmpfs                         tmpfs      16G     0   16G   0% /sys/fs/cgroup
/dev/mapper/rhel-root         xfs       100G  8.1G   92G   9% /
/dev/mapper/rhel-home         xfs        80G  604M   80G   1% /home
/dev/sda1                     xfs      1014M  345M  670M  34% /boot
/dev/mapper/rhel-var          xfs        55G  1.4G   54G   3% /var
tmpfs                         tmpfs     3.2G   16K  3.2G   1% /run/user/42
/dev/mapper/sprodlog-sprodlog gfs2      150G  121G   30G  81% /sprodlog
/dev/mapper/sprdapp-sprdapp   gfs2      299G  249G   51G  84% /sprdapp
tmpfs                         tmpfs     3.2G   36K  3.2G   1% /run/user/0
tmpfs                         tmpfs     3.2G     0  3.2G   0% /run/user/1002
This Server Uptime details.
 10:20:27 up 655 days, 22:32,  0 users,  load average: 0.00, 0.00, 0.00
The Current Server System Memory/RAM Utilization.
              total        used        free      shared  buff/cache   available
Mem:             31           5          22           1           3          24
Swap:            31           0          31
This server 172.27.0.7,Server Uptime and time details.
This Server hostname:
ebssitdb1.mpezerp.com
This Server all System Detail is As Follows:
Filesystem                        Type      Size  Used Avail Use% Mounted on
devtmpfs                          devtmpfs   24G     0   24G   0% /dev
tmpfs                             tmpfs      24G  1.5G   22G   7% /dev/shm
tmpfs                             tmpfs      24G  1.2G   23G   5% /run
tmpfs                             tmpfs      24G     0   24G   0% /sys/fs/cgroup
/dev/mapper/rhel-root             xfs       100G   11G   90G  11% /
/dev/mapper/sprodgrid-sprodgrid   ext4      118G   80G   32G  72% /sprodgrid
/dev/mapper/sproddb-sproddb       ext4      118G   40G   73G  36% /sproddb
/dev/mapper/rhel-home             xfs        80G   16G   65G  20% /home
/dev/mapper/rhel-var              xfs        50G  1.3G   49G   3% /var
/dev/sda1                         xfs      1014M  344M  671M  34% /boot
tmpfs                             tmpfs     4.7G   16K  4.7G   1% /run/user/42
/dev/mapper/tapebkp2tb-tapebkp2tb gfs2      4.4T  2.6T  1.9T  58% /tapebkp2tb
tmpfs                             tmpfs     4.7G  4.0K  4.7G   1% /run/user/1001
tmpfs                             tmpfs     4.7G   40K  4.7G   1% /run/user/0
tmpfs                             tmpfs     4.7G     0  4.7G   0% /run/user/5009
This Server Uptime details.
 10:15:48 up 231 days, 17:49,  1 user,  load average: 0.08, 0.09, 0.12
The Current Server System Memory/RAM Utilization.
              total        used        free      shared  buff/cache   available
Mem:             46          17           3          22          26           6
Swap:            31           1          30
This server 172.27.0.8,Server Uptime and time details.
This Server hostname:
ebssitdb2.mpezerp.com
This Server all System Detail is As Follows:
Filesystem                        Type      Size  Used Avail Use% Mounted on
devtmpfs                          devtmpfs   16G     0   16G   0% /dev
tmpfs                             tmpfs      16G  687M   15G   5% /dev/shm
tmpfs                             tmpfs      16G  1.6G   15G  10% /run
tmpfs                             tmpfs      16G     0   16G   0% /sys/fs/cgroup
/dev/mapper/rhel-root             xfs       100G   25G   76G  25% /
/dev/mapper/sprod-sproddb         ext4      119G   47G   66G  42% /sproddb
/dev/mapper/sprod-sprodgrid       ext4      119G   35G   79G  31% /sprodgrid
/dev/mapper/rhel-var              xfs        55G  1.4G   54G   3% /var
/dev/mapper/rhel-home             xfs        80G  615M   80G   1% /home
/dev/sda1                         xfs      1014M  345M  670M  34% /boot
tmpfs                             tmpfs     3.2G   16K  3.2G   1% /run/user/42
/dev/mapper/tapebkp2tb-tapebkp2tb gfs2      4.4T  2.6T  1.9T  58% /tapebkp2tb
tmpfs                             tmpfs     3.2G     0  3.2G   0% /run/user/5008
tmpfs                             tmpfs     3.2G     0  3.2G   0% /run/user/5009
This Server Uptime details.
 10:16:14 up 218 days, 16:08,  0 users,  load average: 0.58, 0.37, 0.25
The Current Server System Memory/RAM Utilization.
              total        used        free      shared  buff/cache   available
Mem:             31           9           1           2          19          19
Swap:            31           0          31
This server 172.27.0.130,Server Uptime and time details.
This Server hostname:
IservicesApp.mpezdis.com
This Server all System Detail is As Follows:
Filesystem                            Type   Size  Used Avail Use% Mounted on
/dev/mapper/ISERVICESAPP_VG1-LogVol01 ext4   178G  9.2G  160G   6% /
tmpfs                                 tmpfs   56G  2.0M   56G   1% /dev/shm
/dev/sda1                             ext4   485M   40M  420M   9% /boot
/dev/mapper/ISERVICESAPP_VG2-LogVol01 ext4    60G   52G  5.1G  92% /sisuppapp1
/dev/mapper/ISERVICESAPP_VG2-LogVol02 ext4    20G  3.8G   15G  21% /snfsbkup
This Server Uptime details.
 10:14:00 up 707 days,  9:10,  1 user,  load average: 0.00, 0.00, 0.00
The Current Server System Memory/RAM Utilization.
             total       used       free     shared    buffers     cached
Mem:           110         14         95          0          1          9
-/+ buffers/cache:          3        106
Swap:           49          0         49
This server 172.27.0.11,Server Uptime and time details.
This Server hostname:
devqadb.mpezdis.com
This Server all System Detail is As Follows:
Filesystem                      Type   Size  Used Avail Use% Mounted on
/dev/sda2                       ext4    97G   44G   49G  48% /
tmpfs                           tmpfs   48G   23M   48G   1% /dev/shm
/dev/sda3                       ext4    97G  218M   92G   1% /tmp
/dev/mapper/vgsqadb1-lvsqadb1   ext4   3.7T  3.5T  100G  98% /sqadb1
/dev/mapper/vgsqadev1-lvsqadev1 ext4   3.0T  2.8T   70G  98% /sqadev1
This Server Uptime details.
 10:15:27 up 706 days, 11:27,  2 users,  load average: 6.01, 6.01, 6.00
The Current Server System Memory/RAM Utilization.
             total       used       free     shared    buffers     cached
Mem:            94         93          1          0          0         86
-/+ buffers/cache:          5         88
Swap:           97          3         94
This server 172.27.0.18,Server Uptime and time details.
This Server hostname:
ebsqa.mpezdis.com
This Server all System Detail is As Follows:
Filesystem           Type   Size  Used Avail Use% Mounted on
/dev/sda3            ext4    32G   27G  3.1G  90% /
tmpfs                tmpfs   16G  6.5M   16G   1% /dev/shm
/dev/sda1            ext4  1008M  166M  792M  18% /boot
/dev/mapper/mpath1p1 ext4   109G   64G   39G  63% /sqaapp
/dev/mapper/mpath0p1 ext4   148G  113G   28G  81% /snfsbkup
This Server Uptime details.
 10:13:58 up 650 days, 19:40,  1 user,  load average: 0.04, 0.11, 0.08
The Current Server System Memory/RAM Utilization.
             total       used       free     shared    buffers     cached
Mem:            31         30          0          0          1         22
-/+ buffers/cache:          7         23
Swap:           93          0         93
This server 172.27.0.14,Server Uptime and time details.
This Server hostname:
ebsdev.mpezdis.com
This Server all System Detail is As Follows:
Filesystem           Type   Size  Used Avail Use% Mounted on
/dev/sda3            ext4    32G   26G  4.0G  87% /
tmpfs                tmpfs   24G  136M   24G   1% /dev/shm
/dev/sda1            ext4  1008M  119M  838M  13% /boot
/dev/mapper/mpath1p1 ext4   119G  113G   17M 100% /sdevapp
/dev/mapper/mpath0p1 ext4   148G  131G   10G  93% /snfsbkup
This Server Uptime details.
 10:14:00 up 813 days,  1:50,  3 users,  load average: 1.50, 1.55, 1.42
The Current Server System Memory/RAM Utilization.
             total       used       free     shared    buffers     cached
Mem:            47         20         26          0          1          6
-/+ buffers/cache:         12         34
Swap:           62          6         56
This server 172.27.0.150,Server Uptime and time details.
