This server 172.27.0.35,Server Uptime and time details.
This Server hostname:
erpprodapp1.mpezerp.com
This Server all System Detail is As Follows:
Filesystem                    1K-blocks      Used Available Use% Mounted on
/dev/mapper/sprdapp-sprdapp   545214656 348305788 196908868  64% /sprdapp
/dev/mapper/sprodlog-sprodlog 262118016 227483252  34634764  87% /sprodlog
Filesystem            1K-blocks     Used Available Use% Mounted on
/dev/mapper/rhel-root 125767680 10850364 114917316   9% /
/dev/sda2               2077952   353616   1724336  18% /boot
/dev/mapper/rhel-home 104806400  8653996  96152404   9% /home
/dev/mapper/rhel-var   52403200 12384240  40018960  24% /var
Filesystem                       1K-blocks    Used Available Use% Mounted on
172.27.0.150:/home/mpeb/EFT_DATA 104806400 7490560  97315840   8% /EFT_DATA
This Server Uptime details.
 11:18:41 up 193 days, 22:26,  4 users,  load average: 9.47, 9.64, 9.63
This server 172.27.0.36,Server Uptime and time details.
This Server hostname:
erpprodapp2.mpezerp.com
This Server all System Detail is As Follows:
Filesystem            1K-blocks    Used Available Use% Mounted on
/dev/mapper/rhel-root 125767680 8829996 116937684   8% /
/dev/mapper/rhel-home 104806400 3336532 101469868   4% /home
/dev/sda2               2077952  353648   1724304  18% /boot
/dev/mapper/rhel-var   52403200 2102748  50300452   5% /var
Filesystem                    1K-blocks      Used Available Use% Mounted on
/dev/mapper/sprdapp-sprdapp   545214656 348305204 196909452  64% /sprdapp
/dev/mapper/sprodlog-sprodlog 262118016 227483148  34634868  87% /sprodlog
This Server Uptime details.
 11:17:53 up 193 days, 22:24,  1 user,  load average: 1.27, 1.27, 1.27
This server 172.27.0.37,Server Uptime and time details.
This Server hostname:
erpproddb1.mpezerp.com
This Server all System Detail is As Follows:
Filesystem                            1K-blocks      Used Available Use% Mounted on
/dev/mapper/rhel-root                 125767680  18994412 106773268  16% /
/dev/mapper/sproddb1_vg-sproddb1_lv   208564736 122362688  86202048  59% /sproddb1
/dev/mapper/sprodgrid_vg-sprodgrid_lv 208564736  58616540 149948196  29% /sprodgrid1
/dev/mapper/rhel-home                  83845120  33727784  50117336  41% /home
/dev/sda2                               2077952    353732   1724220  18% /boot
/dev/mapper/rhel-var                   83845120   8291204  75553916  10% /var
Filesystem                               1K-blocks       Used  Available Use% Mounted on
/dev/mapper/tapebkp_prod-tapebkp_Lvprod 4283733440 1327879444 2955853996  31% /tapebkp_new
This Server Uptime details.
 11:17:36 up 454 days, 22:04,  2 users,  load average: 2.11, 1.60, 1.34
The Current Server System Memory/RAM Utilization.
              total        used        free      shared  buff/cache   available
Mem:            250          59          57          73         133         116
Swap:           127          19         108
This is production server tapebackup size
1.1T	BKP_21032024_PROD
120K	L0_Backup_21_03_2024.log
This server 172.27.0.38,Server Uptime and time details.
This Server hostname:
erpproddb2.mpezerp.com
This Server all System Detail is As Follows:
Filesystem                              1K-blocks     Used Available Use% Mounted on
/dev/mapper/rhel-root                   125767680 14828412 110939268  12% /
/dev/mapper/sprodgrid2_vg-sprodgrid2_lv 208564736 61318428 147246308  30% /sprodgrid1
/dev/mapper/rhel-home                    83845120 34597440  49247680  42% /home
/dev/sda2                                 2077952   353732   1724220  18% /boot
/dev/mapper/rhel-var                     83845120  5261040  78584080   7% /var
/dev/mapper/sproddb2_vg-sproddb2_lv     208564736 75076332 133488404  36% /sproddb1
Filesystem                               1K-blocks       Used  Available Use% Mounted on
/dev/mapper/tapebkp_prod-tapebkp_Lvprod 4283733440 1327879444 2955853996  31% /tapebkp_new
This Server Uptime details.
 11:17:29 up 533 days,  8:39,  1 user,  load average: 2.39, 2.11, 2.19
This server 172.27.0.170,Server Uptime and time details.
This Server hostname:
iservices.mpezerp.com
This Server all System Detail is As Follows:
Filesystem                                  Type      Size  Used Avail Use% Mounted on
devtmpfs                                    devtmpfs  126G     0  126G   0% /dev
tmpfs                                       tmpfs     126G     0  126G   0% /dev/shm
tmpfs                                       tmpfs     126G  395M  126G   1% /run
tmpfs                                       tmpfs     126G     0  126G   0% /sys/fs/cgroup
/dev/mapper/rhel-root                       xfs       120G  6.4G  114G   6% /
/dev/mapper/vg_isuppapp-lv_isuppapp         xfs       497G  299G  198G  61% /sprdapp
/dev/sda2                                   xfs       2.0G  346M  1.7G  18% /boot
/dev/sda1                                   vfat     1022M  5.8M 1017M   1% /boot/efi
/dev/mapper/servicebook_new-servicebook_new ext4      2.0T  1.9T   50G  98% /servicebook_nuc
/dev/mapper/rhel-home                       xfs        80G   18G   63G  22% /home
/dev/mapper/rhel-var                        xfs        50G  2.0G   49G   4% /var
/dev/mapper/rhel-sisuppapp1                 xfs       120G  120G  160K 100% /sisuppapp1
tmpfs                                       tmpfs      26G   16K   26G   1% /run/user/42
tmpfs                                       tmpfs      26G   44K   26G   1% /run/user/0
/dev/mapper/linux_backup_VG-linux_backup_lv xfs       4.2T  2.6T  1.7T  61% /linux_backup_veeam_repo
tmpfs                                       tmpfs      26G     0   26G   0% /run/user/1004
tmpfs                                       tmpfs      26G     0   26G   0% /run/user/1000
This Server Uptime details.
 11:15:04 up 331 days, 25 min,  0 users,  load average: 0.00, 0.00, 0.00
The Current Server System Memory/RAM Utilization.
              total        used        free      shared  buff/cache   available
Mem:            251          11           3           0         236         236
Swap:           126           0         126
This server 172.27.0.45,Server Uptime and time details.
This Server hostname:
erpuatapp1.mpezerp.com
This Server all System Detail is As Follows:
Filesystem                          1K-blocks      Used Available Use% Mounted on
/dev/mapper/uatsprodlog-uatsprodlog 157273664  95607216  61666448  61% /uatsprodlog
/dev/mapper/uatsprdapp-uatsprdapp   314541200 244198820  70342380  78% /uatsprdapp
Filesystem            1K-blocks     Used Available Use% Mounted on
/dev/mapper/rhel-root 125767680 16610832 109156848  14% /
/dev/mapper/rhel-home 104806400  1336704 103469696   2% /home
/dev/sda2               2086912   435172   1651740  21% /boot
/dev/mapper/rhel-var   52403200  1974788  50428412   4% /var
This Server Uptime details.
 11:24:01 up 301 days, 20:00,  1 user,  load average: 0.09, 0.08, 0.08
This server 172.27.0.47,Server Uptime and time details.
This Server hostname:
erpuatdb1.mpezerp.com
This Server Uptime details.
 11:17:23 up 358 days, 23:34,  0 users,  load average: 2.61, 2.76, 2.62
This Server all System Detail is As Follows:
Filesystem                          Type      Size  Used Avail Use% Mounted on
devtmpfs                            devtmpfs   24G     0   24G   0% /dev
tmpfs                               tmpfs      24G  704M   23G   3% /dev/shm
tmpfs                               tmpfs      24G  2.5G   21G  11% /run
tmpfs                               tmpfs      24G     0   24G   0% /sys/fs/cgroup
/dev/mapper/rhel-root               xfs       120G   15G  106G  12% /
/dev/sda1                           xfs       2.0G  452M  1.6G  23% /boot
/dev/mapper/rhel-var                xfs        50G  2.1G   48G   5% /var
/dev/mapper/rhel-home               xfs       100G   14G   87G  14% /home
/dev/mapper/sproddbvg-sproddblv     ext4      118G   76G   36G  68% /sproddb
/dev/mapper/sprodgridvg-sprodgridlv ext4      167G   44G  115G  28% /sprodgrid
tmpfs                               tmpfs     4.7G   16K  4.7G   1% /run/user/42
tmpfs                               tmpfs     4.7G   36K  4.7G   1% /run/user/5007
tmpfs                               tmpfs     4.7G   52K  4.7G   1% /run/user/0
tmpfs                               tmpfs     4.7G     0  4.7G   0% /run/user/5008
tmpfs                               tmpfs     4.7G     0  4.7G   0% /run/user/5009
The Current Server System Memory/RAM Utilization.
              total        used        free      shared  buff/cache   available
Mem:             46          17           0          22          28           5
Swap:           127           9         118
This server 172.27.0.48,Server Uptime and time details.
This Server hostname:
erpuatdb2.mpezerp.com
This Server all System Detail is As Follows:
Filesystem                          Type      Size  Used Avail Use% Mounted on
devtmpfs                            devtmpfs   16G     0   16G   0% /dev
tmpfs                               tmpfs      16G  637M   15G   4% /dev/shm
tmpfs                               tmpfs      16G  1.6G   15G  10% /run
tmpfs                               tmpfs      16G     0   16G   0% /sys/fs/cgroup
/dev/mapper/rhel-root               xfs       120G  7.7G  113G   7% /
/dev/mapper/rhel-var                xfs        50G  3.5G   47G   7% /var
/dev/sda1                           xfs       2.0G  357M  1.7G  18% /boot
/dev/mapper/rhel-home               xfs       100G   34G   67G  34% /home
/dev/mapper/sproddbvg-sproddblv     ext4      118G   35G   78G  31% /sproddb
/dev/mapper/sprodgridvg-sprodgridlv ext4      167G   33G  125G  21% /sprodgrid
tmpfs                               tmpfs     3.2G   16K  3.2G   1% /run/user/42
tmpfs                               tmpfs     3.2G     0  3.2G   0% /run/user/5008
tmpfs                               tmpfs     3.2G     0  3.2G   0% /run/user/5009
This Server Uptime details.
 11:18:43 up 301 days, 20:10,  0 users,  load average: 0.43, 0.42, 0.32
The Current Server System Memory/RAM Utilization.
              total        used        free      shared  buff/cache   available
Mem:             31          11           0           2          18          16
Swap:           127           0         127
This server 172.27.0.5,Server Uptime and time details.
This Server hostname:
ebssitapp1.mpezerp.com
This Server all System Detail is As Follows:
Filesystem                      Type      Size  Used Avail Use% Mounted on
devtmpfs                        devtmpfs   16G     0   16G   0% /dev
tmpfs                           tmpfs      16G   57M   16G   1% /dev/shm
tmpfs                           tmpfs      16G  138M   16G   1% /run
tmpfs                           tmpfs      16G     0   16G   0% /sys/fs/cgroup
/dev/mapper/rhel-root           xfs       100G   23G   78G  23% /
/dev/mapper/rhel-var            xfs        55G  1.3G   54G   3% /var
/dev/mapper/rhel-home           xfs        80G   24G   57G  30% /home
/dev/sda2                       xfs      1014M  345M  670M  34% /boot
172.27.0.150:/home/mpeb/EFT_SIT nfs4      100G  7.2G   93G   8% /EFT_DATA_SIT
/dev/mapper/sprodlog-sprodlog   gfs2      150G  121G   30G  81% /sprodlog
/dev/mapper/sprdapp-sprdapp     gfs2      299G  249G   51G  84% /sprdapp
tmpfs                           tmpfs     3.2G   36K  3.2G   1% /run/user/0
tmpfs                           tmpfs     3.2G  4.0K  3.2G   1% /run/user/1001
tmpfs                           tmpfs     3.2G     0  3.2G   0% /run/user/1002
This Server Uptime details.
 11:21:38 up 70 days, 16:33,  3 users,  load average: 0.03, 0.08, 0.09
The Current Server System Memory/RAM Utilization.
              total        used        free      shared  buff/cache   available
Mem:             31          12           9           0           8          17
Swap:            31           0          31
This server 172.27.0.6,Server Uptime and time details.
This Server hostname:
ebssitapp2.mpezerp.com
This Server all System Detail is As Follows:
Filesystem                    Type      Size  Used Avail Use% Mounted on
devtmpfs                      devtmpfs   16G     0   16G   0% /dev
tmpfs                         tmpfs      16G   73M   16G   1% /dev/shm
tmpfs                         tmpfs      16G  1.3G   15G   9% /run
tmpfs                         tmpfs      16G     0   16G   0% /sys/fs/cgroup
/dev/mapper/rhel-root         xfs       100G  8.1G   92G   9% /
/dev/mapper/rhel-home         xfs        80G  604M   80G   1% /home
/dev/sda1                     xfs      1014M  345M  670M  34% /boot
/dev/mapper/rhel-var          xfs        55G  1.4G   54G   3% /var
tmpfs                         tmpfs     3.2G   16K  3.2G   1% /run/user/42
/dev/mapper/sprodlog-sprodlog gfs2      150G  121G   30G  81% /sprodlog
/dev/mapper/sprdapp-sprdapp   gfs2      299G  249G   51G  84% /sprdapp
tmpfs                         tmpfs     3.2G   40K  3.2G   1% /run/user/0
tmpfs                         tmpfs     3.2G     0  3.2G   0% /run/user/1002
This Server Uptime details.
 11:22:28 up 663 days, 23:34,  0 users,  load average: 0.00, 0.01, 0.00
The Current Server System Memory/RAM Utilization.
              total        used        free      shared  buff/cache   available
Mem:             31           4          10           1          16          24
Swap:            31           0          31
This server 172.27.0.7,Server Uptime and time details.
This Server hostname:
ebssitdb1.mpezerp.com
This Server all System Detail is As Follows:
Filesystem                        Type      Size  Used Avail Use% Mounted on
devtmpfs                          devtmpfs   24G     0   24G   0% /dev
tmpfs                             tmpfs      24G  1.5G   22G   7% /dev/shm
tmpfs                             tmpfs      24G  1.2G   23G   5% /run
tmpfs                             tmpfs      24G     0   24G   0% /sys/fs/cgroup
/dev/mapper/rhel-root             xfs       100G   11G   90G  11% /
/dev/mapper/sprodgrid-sprodgrid   ext4      118G   81G   32G  72% /sprodgrid
/dev/mapper/sproddb-sproddb       ext4      118G   40G   73G  36% /sproddb
/dev/mapper/rhel-home             xfs        80G   16G   65G  20% /home
/dev/mapper/rhel-var              xfs        50G  1.4G   49G   3% /var
/dev/sda1                         xfs      1014M  344M  671M  34% /boot
tmpfs                             tmpfs     4.7G   16K  4.7G   1% /run/user/42
/dev/mapper/tapebkp2tb-tapebkp2tb gfs2      4.4T  2.6T  1.9T  58% /tapebkp2tb
tmpfs                             tmpfs     4.7G  4.0K  4.7G   1% /run/user/1001
tmpfs                             tmpfs     4.7G   40K  4.7G   1% /run/user/0
tmpfs                             tmpfs     4.7G     0  4.7G   0% /run/user/5009
This Server Uptime details.
 11:17:51 up 239 days, 18:51,  1 user,  load average: 0.35, 0.31, 0.36
The Current Server System Memory/RAM Utilization.
              total        used        free      shared  buff/cache   available
Mem:             46          17           1          22          27           6
Swap:            31           1          30
This server 172.27.0.8,Server Uptime and time details.
This Server hostname:
ebssitdb2.mpezerp.com
This Server all System Detail is As Follows:
Filesystem                        Type      Size  Used Avail Use% Mounted on
devtmpfs                          devtmpfs   16G     0   16G   0% /dev
tmpfs                             tmpfs      16G  687M   15G   5% /dev/shm
tmpfs                             tmpfs      16G  1.6G   15G  10% /run
tmpfs                             tmpfs      16G     0   16G   0% /sys/fs/cgroup
/dev/mapper/rhel-root             xfs       100G   25G   76G  25% /
/dev/mapper/sprod-sproddb         ext4      119G   47G   66G  42% /sproddb
/dev/mapper/sprod-sprodgrid       ext4      119G   35G   79G  31% /sprodgrid
/dev/mapper/rhel-var              xfs        55G  1.4G   54G   3% /var
/dev/mapper/rhel-home             xfs        80G  615M   80G   1% /home
/dev/sda1                         xfs      1014M  345M  670M  34% /boot
/dev/mapper/tapebkp2tb-tapebkp2tb gfs2      4.4T  2.6T  1.9T  58% /tapebkp2tb
tmpfs                             tmpfs     3.2G     0  3.2G   0% /run/user/5008
tmpfs                             tmpfs     3.2G   36K  3.2G   1% /run/user/0
tmpfs                             tmpfs     3.2G     0  3.2G   0% /run/user/5009
This Server Uptime details.
 11:18:17 up 226 days, 17:10,  1 user,  load average: 0.17, 0.26, 0.26
The Current Server System Memory/RAM Utilization.
              total        used        free      shared  buff/cache   available
Mem:             31          10           2           2          18          18
Swap:            31           0          31
This server 172.27.0.130,Server Uptime and time details.
This Server hostname:
IservicesApp.mpezdis.com
This Server all System Detail is As Follows:
Filesystem                            Type   Size  Used Avail Use% Mounted on
/dev/mapper/ISERVICESAPP_VG1-LogVol01 ext4   178G  9.2G  159G   6% /
tmpfs                                 tmpfs   56G  2.0M   56G   1% /dev/shm
/dev/sda1                             ext4   485M   40M  420M   9% /boot
/dev/mapper/ISERVICESAPP_VG2-LogVol01 ext4    60G   52G  5.1G  92% /sisuppapp1
/dev/mapper/ISERVICESAPP_VG2-LogVol02 ext4    20G  3.8G   15G  21% /snfsbkup
This Server Uptime details.
 11:16:02 up 715 days, 10:12,  1 user,  load average: 0.04, 0.04, 0.02
The Current Server System Memory/RAM Utilization.
             total       used       free     shared    buffers     cached
Mem:           110         14         95          0          1          9
-/+ buffers/cache:          3        106
Swap:           49          0         49
This server 172.27.0.11,Server Uptime and time details.
This Server hostname:
devqadb.mpezdis.com
This Server all System Detail is As Follows:
Filesystem                      Type   Size  Used Avail Use% Mounted on
/dev/sda2                       ext4    97G   44G   49G  48% /
tmpfs                           tmpfs   48G   23M   48G   1% /dev/shm
/dev/sda3                       ext4    97G  218M   92G   1% /tmp
/dev/mapper/vgsqadb1-lvsqadb1   ext4   3.7T  3.5T   99G  98% /sqadb1
/dev/mapper/vgsqadev1-lvsqadev1 ext4   3.0T  2.7T   79G  98% /sqadev1
This Server Uptime details.
 11:17:31 up 714 days, 12:29,  1 user,  load average: 7.00, 7.00, 6.97
The Current Server System Memory/RAM Utilization.
             total       used       free     shared    buffers     cached
Mem:            94         93          0          0          0         87
-/+ buffers/cache:          5         88
Swap:           97          3         94
This server 172.27.0.18,Server Uptime and time details.
This Server hostname:
ebsqa.mpezdis.com
This Server all System Detail is As Follows:
Filesystem           Type   Size  Used Avail Use% Mounted on
/dev/sda3            ext4    32G   27G  3.0G  91% /
tmpfs                tmpfs   16G  6.5M   16G   1% /dev/shm
/dev/sda1            ext4  1008M  166M  792M  18% /boot
/dev/mapper/mpath1p1 ext4   109G   64G   39G  63% /sqaapp
/dev/mapper/mpath0p1 ext4   148G  113G   28G  81% /snfsbkup
This Server Uptime details.
 11:16:00 up 658 days, 20:42,  2 users,  load average: 0.34, 0.28, 0.17
The Current Server System Memory/RAM Utilization.
             total       used       free     shared    buffers     cached
Mem:            31         30          0          0          1         22
-/+ buffers/cache:          7         23
Swap:           93          0         93
This server 172.27.0.14,Server Uptime and time details.
This Server hostname:
ebsdev.mpezdis.com
This Server all System Detail is As Follows:
Filesystem           Type   Size  Used Avail Use% Mounted on
/dev/sda3            ext4    32G   26G  4.0G  87% /
tmpfs                tmpfs   24G  136M   24G   1% /dev/shm
/dev/sda1            ext4  1008M  119M  838M  13% /boot
/dev/mapper/mpath1p1 ext4   119G   96G   18G  85% /sdevapp
/dev/mapper/mpath0p1 ext4   148G  131G   10G  93% /snfsbkup
This Server Uptime details.
 11:16:02 up 821 days,  2:52,  4 users,  load average: 1.06, 1.16, 1.15
The Current Server System Memory/RAM Utilization.
             total       used       free     shared    buffers     cached
Mem:            47         26         20          0          2          6
-/+ buffers/cache:         17         29
Swap:           62          6         56
This server 172.27.0.150,Server Uptime and time details.

ftpserver.mpezerp.com
This Server Uptime details.
 11:17:30 up 390 days, 20:15,  0 users,  load average: 0.00, 0.00, 0.00
This Server all System Detail is As Follows:
Filesystem                                Type      Size  Used Avail Use% Mounted on
devtmpfs                                  devtmpfs   24G     0   24G   0% /dev
tmpfs                                     tmpfs      24G   84K   24G   1% /dev/shm
tmpfs                                     tmpfs      24G  266M   24G   2% /run
tmpfs                                     tmpfs      24G     0   24G   0% /sys/fs/cgroup
/dev/mapper/rhel-root                     xfs       200G  8.4G  192G   5% /
/dev/mapper/rhel-home                     xfs       100G  7.2G   93G   8% /home
/dev/mapper/rhel-var                      xfs        50G  1.6G   49G   4% /var
/dev/sda1                                 xfs       2.0G  350M  1.7G  18% /boot
/dev/mapper/VeeamBackup_VG-VeeamBackup_LV xfs       2.9T  2.0T  910G  69% /veeambackup
tmpfs                                     tmpfs     4.7G     0  4.7G   0% /run/user/1001
tmpfs                                     tmpfs     4.7G     0  4.7G   0% /run/user/1003
The Current Server System Memory/RAM Utilization.
              total        used        free      shared  buff/cache   available
Mem:             46           4          23           0          18          41
Swap:           127           0         127
This server 172.27.0.44,Server Uptime and time details.
This Server File System Detail is As Follows:
Filesystem                       Type      Size  Used Avail Use% Mounted on
devtmpfs                         devtmpfs   16G     0   16G   0% /dev
tmpfs                            tmpfs      16G     0   16G   0% /dev/shm
tmpfs                            tmpfs      16G  434M   16G   3% /run
tmpfs                            tmpfs      16G     0   16G   0% /sys/fs/cgroup
/dev/mapper/rhel-root            xfs       120G  6.3G  114G   6% /
/dev/sda1                        xfs       2.0G  350M  1.7G  18% /boot
/dev/mapper/rhel-var             xfs        50G  1.3G   49G   3% /var
/dev/mapper/rhel-home            xfs        80G  676M   80G   1% /home
/dev/mapper/vg_eccuat-lv_ecc_pkg xfs       100G  746M  100G   1% /ecc_pkg
/dev/mapper/vg_eccuat-lv_eccuat  xfs       300G   32G  269G  11% /eccuat
tmpfs                            tmpfs     3.2G     0  3.2G   0% /run/user/1001
tmpfs                            tmpfs     3.2G   48K  3.2G   1% /run/user/1002
This Server Uptime details.
 11:16:42 up 370 days, 17:53,  1 user,  load average: 0.00, 0.00, 0.00
The Current Server System Memory/RAM Utilization.
              total        used        free      shared  buff/cache   available
Mem:             31           7           6           0          17          23
Swap:            63           0          63
